backend-1  | 
backend-1  |   .   ____          _            __ _ _
backend-1  |  /\\ / ___'_ __ _ _(_)_ __  __ _ \ \ \ \
backend-1  | ( ( )\___ | '_ | '_| | '_ \/ _` | \ \ \ \
backend-1  |  \\/  ___)| |_)| | | | | || (_| |  ) ) ) )
backend-1  |   '  |____| .__|_| |_|_| |_\__, | / / / /
backend-1  |  =========|_|==============|___/=/_/_/_/
backend-1  | 
backend-1  |  :: Spring Boot ::               (v3.5.16)
backend-1  | 
backend-1  | 2026-10-04T08:54:48.221Z  INFO 1 --- [ftsm-ecommerce] [           main] m.e.u.f.e.FtsmEcommerceApplication       : Starting FtsmEcommerceApplication v0.0.1-SNAPSHOT using Java 21.0.12.1 with PID 1 (/app/app.jar started by root in /app)
backend-1  | 2026-10-04T08:54:48.224Z  INFO 1 --- [ftsm-ecommerce] [           main] m.e.u.f.e.FtsmEcommerceApplication       : The following 1 profile is active: "prod"
backend-1  | 2026-10-04T08:54:49.128Z  INFO 1 --- [ftsm-ecommerce] [           main] .s.d.r.c.RepositoryConfigurationDelegate : Multiple Spring Data modules found, entering strict repository configuration mode
backend-1  | 2026-10-04T08:54:49.129Z  INFO 1 --- [ftsm-ecommerce] [           main] .s.d.r.c.RepositoryConfigurationDelegate : Bootstrapping Spring Data JPA repositories in DEFAULT mode.
backend-1  | 2026-10-04T08:54:49.228Z  INFO 1 --- [ftsm-ecommerce] [           main] .s.d.r.c.RepositoryConfigurationDelegate : Finished Spring Data repository scanning in 91 ms. Found 6 JPA repository interfaces.
backend-1  | 2026-10-04T08:54:49.244Z  INFO 1 --- [ftsm-ecommerce] [           main] .s.d.r.c.RepositoryConfigurationDelegate : Multiple Spring Data modules found, entering strict repository configuration mode
backend-1  | 2026-10-04T08:54:49.245Z  INFO 1 --- [ftsm-ecommerce] [           main] .s.d.r.c.RepositoryConfigurationDelegate : Bootstrapping Spring Data Redis repositories in DEFAULT mode.
backend-1  | 2026-10-04T08:54:49.255Z  INFO 1 --- [ftsm-ecommerce] [           main] .RepositoryConfigurationExtensionSupport : Spring Data Redis - Could not safely identify store assignment for repository candidate interface my.edu.ukm.ftsm.ecommerce.repository.ItemRepository; If you want this repository to be a Redis repository, consider annotating your entities with one of these annotations: org.springframework.data.redis.core.RedisHash (preferred), or consider extending one of the following types with your repository: org.springframework.data.keyvalue.repository.KeyValueRepository
backend-1  | 2026-10-04T08:54:49.255Z  INFO 1 --- [ftsm-ecommerce] [           main] .RepositoryConfigurationExtensionSupport : Spring Data Redis - Could not safely identify store assignment for repository candidate interface my.edu.ukm.ftsm.ecommerce.repository.OrderRepository; If you want this repository to be a Redis repository, consider annotating your entities with one of these annotations: org.springframework.data.redis.core.RedisHash (preferred), or consider extending one of the following types with your repository: org.springframework.data.keyvalue.repository.KeyValueRepository
backend-1  | 2026-10-04T08:54:49.255Z  INFO 1 --- [ftsm-ecommerce] [           main] .RepositoryConfigurationExtensionSupport : Spring Data Redis - Could not safely identify store assignment for repository candidate interface my.edu.ukm.ftsm.ecommerce.repository.ProductRepository; If you want this repository to be a Redis repository, consider annotating your entities with one of these annotations: org.springframework.data.redis.core.RedisHash (preferred), or consider extending one of the following types with your repository: org.springframework.data.keyvalue.repository.KeyValueRepository
backend-1  | 2026-10-04T08:54:49.255Z  INFO 1 --- [ftsm-ecommerce] [           main] .RepositoryConfigurationExtensionSupport : Spring Data Redis - Could not safely identify store assignment for repository candidate interface my.edu.ukm.ftsm.ecommerce.repository.ReviewRepository; If you want this repository to be a Redis repository, consider annotating your entities with one of these annotations: org.springframework.data.redis.core.RedisHash (preferred), or consider extending one of the following types with your repository: org.springframework.data.keyvalue.repository.KeyValueRepository
backend-1  | 2026-10-04T08:54:49.256Z  INFO 1 --- [ftsm-ecommerce] [           main] .RepositoryConfigurationExtensionSupport : Spring Data Redis - Could not safely identify store assignment for repository candidate interface my.edu.ukm.ftsm.ecommerce.repository.SeckillEventRepository; If you want this repository to be a Redis repository, consider annotating your entities with one of these annotations: org.springframework.data.redis.core.RedisHash (preferred), or consider extending one of the following types with your repository: org.springframework.data.keyvalue.repository.KeyValueRepository
backend-1  | 2026-10-04T08:54:49.256Z  INFO 1 --- [ftsm-ecommerce] [           main] .RepositoryConfigurationExtensionSupport : Spring Data Redis - Could not safely identify store assignment for repository candidate interface my.edu.ukm.ftsm.ecommerce.repository.UserRepository; If you want this repository to be a Redis repository, consider annotating your entities with one of these annotations: org.springframework.data.redis.core.RedisHash (preferred), or consider extending one of the following types with your repository: org.springframework.data.keyvalue.repository.KeyValueRepository
backend-1  | 2026-10-04T08:54:49.256Z  INFO 1 --- [ftsm-ecommerce] [           main] .s.d.r.c.RepositoryConfigurationDelegate : Finished Spring Data repository scanning in 5 ms. Found 0 Redis repository interfaces.
backend-1  | 2026-10-04T08:54:49.685Z  INFO 1 --- [ftsm-ecommerce] [           main] o.s.b.w.embedded.tomcat.TomcatWebServer  : Tomcat initialized with port 8080 (http)
backend-1  | 2026-10-04T08:54:49.693Z  INFO 1 --- [ftsm-ecommerce] [           main] o.apache.catalina.core.StandardService   : Starting service [Tomcat]
backend-1  | 2026-10-04T08:54:49.694Z  INFO 1 --- [ftsm-ecommerce] [           main] o.apache.catalina.core.StandardEngine    : Starting Servlet engine: [Apache Tomcat/10.1.55]
backend-1  | 2026-10-04T08:54:49.706Z  INFO 1 --- [ftsm-ecommerce] [           main] o.a.c.c.C.[Tomcat].[localhost].[/]       : Initializing Spring embedded WebApplicationContext
backend-1  | 2026-10-04T08:54:49.706Z  INFO 1 --- [ftsm-ecommerce] [           main] w.s.c.ServletWebServerApplicationContext : Root WebApplicationContext: initialization completed in 1436 ms
backend-1  | 2026-10-04T08:54:49.988Z  INFO 1 --- [ftsm-ecommerce] [           main] com.zaxxer.hikari.HikariDataSource       : HikariPool-1 - Starting...
backend-1  | 2026-10-04T08:54:50.172Z  INFO 1 --- [ftsm-ecommerce] [           main] com.zaxxer.hikari.pool.HikariPool        : HikariPool-1 - Added connection com.mysql.cj.jdbc.ConnectionImpl@d677be9
backend-1  | 2026-10-04T08:54:50.173Z  INFO 1 --- [ftsm-ecommerce] [           main] com.zaxxer.hikari.HikariDataSource       : HikariPool-1 - Start completed.
backend-1  | 2026-10-04T08:54:50.216Z  INFO 1 --- [ftsm-ecommerce] [           main] org.flywaydb.core.FlywayExecutor         : Database: jdbc:mysql://mysql:3306/ftsm_ecommerce?useSSL=false&allowPublicKeyRetrieval=true&serverTimezone=UTC (MySQL 8.0)
backend-1  | 2026-10-04T08:54:50.240Z  INFO 1 --- [ftsm-ecommerce] [           main] o.f.c.i.s.JdbcTableSchemaHistory         : Schema history table `ftsm_ecommerce`.`flyway_schema_history` does not exist yet
backend-1  | 2026-10-04T08:54:50.242Z  INFO 1 --- [ftsm-ecommerce] [           main] o.f.core.internal.command.DbValidate     : Successfully validated 1 migration (execution time 00:00.011s)
backend-1  | 2026-10-04T08:54:50.254Z  INFO 1 --- [ftsm-ecommerce] [           main] org.flywaydb.core.Flyway                 : All configured schemas are empty; baseline operation skipped. A baseline or migration script with a lower version than the baseline version may execute if available. Check the Schemas parameter if this is not intended.
backend-1  | 2026-10-04T08:54:50.257Z  INFO 1 --- [ftsm-ecommerce] [           main] o.f.c.i.s.JdbcTableSchemaHistory         : Creating Schema History table `ftsm_ecommerce`.`flyway_schema_history` ...
backend-1  | 2026-10-04T08:54:50.314Z  INFO 1 --- [ftsm-ecommerce] [           main] o.f.core.internal.command.DbMigrate      : Current version of schema `ftsm_ecommerce`: << Empty Schema >>
backend-1  | 2026-10-04T08:54:50.330Z  INFO 1 --- [ftsm-ecommerce] [           main] o.f.core.internal.command.DbMigrate      : Migrating schema `ftsm_ecommerce` to version "1 - baseline"
backend-1  | 2026-10-04T08:54:50.396Z  INFO 1 --- [ftsm-ecommerce] [           main] o.f.core.internal.command.DbMigrate      : Successfully applied 1 migration to schema `ftsm_ecommerce`, now at version v1 (execution time 00:00.052s)
backend-1  | 2026-10-04T08:54:50.455Z  INFO 1 --- [ftsm-ecommerce] [           main] o.hibernate.jpa.internal.util.LogHelper  : HHH000204: Processing PersistenceUnitInfo [name: default]
backend-1  | 2026-10-04T08:54:50.484Z  INFO 1 --- [ftsm-ecommerce] [           main] org.hibernate.Version                    : HHH000412: Hibernate ORM core version 6.6.53.Final
backend-1  | 2026-10-04T08:54:50.500Z  INFO 1 --- [ftsm-ecommerce] [           main] o.h.c.internal.RegionFactoryInitiator    : HHH000026: Second-level cache disabled
backend-1  | 2026-10-04T08:54:50.624Z  INFO 1 --- [ftsm-ecommerce] [           main] o.s.o.j.p.SpringPersistenceUnitInfo      : No LoadTimeWeaver setup: ignoring JPA class transformer
backend-1  | 2026-10-04T08:54:50.668Z  INFO 1 --- [ftsm-ecommerce] [           main] org.hibernate.orm.connections.pooling    : HHH10001005: Database info:
backend-1  | 	Database JDBC URL [Connecting through datasource 'HikariDataSource (HikariPool-1)']
backend-1  | 	Database driver: undefined/unknown
backend-1  | 	Database version: 8.0.46
backend-1  | 	Autocommit mode: undefined/unknown
backend-1  | 	Isolation level: undefined/unknown
backend-1  | 	Minimum pool size: undefined/unknown
backend-1  | 	Maximum pool size: undefined/unknown
backend-1  | 2026-10-04T08:54:51.107Z  INFO 1 --- [ftsm-ecommerce] [           main] o.h.e.t.j.p.i.JtaPlatformInitiator       : HHH000489: No JTA platform available (set 'hibernate.transaction.jta.platform' to enable JTA platform integration)
backend-1  | 2026-10-04T08:54:51.127Z  INFO 1 --- [ftsm-ecommerce] [           main] j.LocalContainerEntityManagerFactoryBean : Initialized JPA EntityManagerFactory for persistence unit 'default'
backend-1  | 2026-10-04T08:54:51.796Z  INFO 1 --- [ftsm-ecommerce] [           main] m.e.u.f.e.c.SeckillStreamConsumer        : [SecKill] created consumer group seckill-order-consumers on seckill:orders
backend-1  | 2026-10-04T08:54:52.048Z  WARN 1 --- [ftsm-ecommerce] [           main] .s.s.UserDetailsServiceAutoConfiguration : 
backend-1  | 
backend-1  | Using generated security password: <redacted: per-JVM Spring Boot default, container destroyed>
backend-1  | 
backend-1  | This generated password is for development use only. Your security configuration must be updated before running your application in production.
backend-1  | 
backend-1  | 2026-10-04T08:54:52.051Z  INFO 1 --- [ftsm-ecommerce] [           main] r$InitializeUserDetailsManagerConfigurer : Global AuthenticationManager configured with UserDetailsService bean with name inMemoryUserDetailsManager
backend-1  | 2026-10-04T08:54:52.259Z  INFO 1 --- [ftsm-ecommerce] [           main] o.s.b.a.e.web.EndpointLinksResolver      : Exposing 2 endpoints beneath base path '/actuator'
backend-1  | 2026-10-04T08:54:52.558Z  INFO 1 --- [ftsm-ecommerce] [           main] o.s.b.w.embedded.tomcat.TomcatWebServer  : Tomcat started on port 8080 (http) with context path '/'
backend-1  | 2026-10-04T08:54:52.580Z  INFO 1 --- [ftsm-ecommerce] [           main] m.e.u.f.e.FtsmEcommerceApplication       : Started FtsmEcommerceApplication in 4.737 seconds (process running for 5.2)
backend-1  | 2026-10-04T08:54:52.805Z  INFO 1 --- [ftsm-ecommerce] [           main] m.e.u.ftsm.ecommerce.config.DataSeeder   : [Seed] created admin user admin@ukm.edu.my
backend-1  | 2026-10-04T08:54:52.937Z  INFO 1 --- [ftsm-ecommerce] [           main] m.e.u.ftsm.ecommerce.config.DataSeeder   : [Seed] inserted sample products
backend-1  | 2026-10-04T08:54:52.938Z  WARN 1 --- [ftsm-ecommerce] [           main] o.s.core.events.SpringDocAppInitializer  : SpringDoc /v3/api-docs endpoint is enabled by default. To disable it in production, set the property 'springdoc.api-docs.enabled=false'
backend-1  | 2026-10-04T08:54:52.938Z  WARN 1 --- [ftsm-ecommerce] [           main] o.s.core.events.SpringDocAppInitializer  : SpringDoc /swagger-ui.html endpoint is enabled by default. To disable it in production, set the property 'springdoc.swagger-ui.enabled=false'
backend-1  | 2026-10-04T08:54:53.549Z  INFO 1 --- [ftsm-ecommerce] [omcat-handler-0] o.a.c.c.C.[Tomcat].[localhost].[/]       : Initializing Spring DispatcherServlet 'dispatcherServlet'
backend-1  | 2026-10-04T08:54:53.550Z  INFO 1 --- [ftsm-ecommerce] [omcat-handler-0] o.s.web.servlet.DispatcherServlet        : Initializing Servlet 'dispatcherServlet'
backend-1  | 2026-10-04T08:54:53.550Z  INFO 1 --- [ftsm-ecommerce] [omcat-handler-0] o.s.web.servlet.DispatcherServlet        : Completed initialization in 0 ms
backend-1  | 2026-10-04T08:54:53.954Z  INFO 1 --- [ftsm-ecommerce] [omcat-handler-4] o.springdoc.api.AbstractOpenApiResource  : Init duration for springdoc-openapi is: 235 ms
backend-1  | 2026-10-04T08:55:05.349Z  INFO 1 --- [ftsm-ecommerce] [omcat-handler-9] m.e.u.f.ecommerce.service.EmailService   : [OTP] (mail disabled) code for student0@siswa.ukm.edu.my = <redacted>
backend-1  | 2026-10-04T08:55:05.464Z  INFO 1 --- [ftsm-ecommerce] [mcat-handler-11] m.e.u.f.ecommerce.service.EmailService   : [OTP] (mail disabled) code for student1@siswa.ukm.edu.my = <redacted>
backend-1  | 2026-10-04T08:55:05.567Z  INFO 1 --- [ftsm-ecommerce] [mcat-handler-13] m.e.u.f.ecommerce.service.EmailService   : [OTP] (mail disabled) code for student2@siswa.ukm.edu.my = <redacted>
backend-1  | 2026-10-04T08:55:05.660Z  INFO 1 --- [ftsm-ecommerce] [mcat-handler-15] m.e.u.f.ecommerce.service.EmailService   : [OTP] (mail disabled) code for student3@siswa.ukm.edu.my = <redacted>
backend-1  | 2026-10-04T08:55:05.765Z  INFO 1 --- [ftsm-ecommerce] [mcat-handler-17] m.e.u.f.ecommerce.service.EmailService   : [OTP] (mail disabled) code for student4@siswa.ukm.edu.my = <redacted>
backend-1  | 2026-10-04T08:55:05.868Z  INFO 1 --- [ftsm-ecommerce] [mcat-handler-19] m.e.u.f.ecommerce.service.EmailService   : [OTP] (mail disabled) code for student5@siswa.ukm.edu.my = <redacted>
backend-1  | 2026-10-04T08:55:05.966Z  INFO 1 --- [ftsm-ecommerce] [mcat-handler-21] m.e.u.f.ecommerce.service.EmailService   : [OTP] (mail disabled) code for student6@siswa.ukm.edu.my = <redacted>
backend-1  | 2026-10-04T08:55:06.061Z  INFO 1 --- [ftsm-ecommerce] [mcat-handler-23] m.e.u.f.ecommerce.service.EmailService   : [OTP] (mail disabled) code for student7@siswa.ukm.edu.my = <redacted>
backend-1  | 2026-10-04T08:55:06.158Z  INFO 1 --- [ftsm-ecommerce] [mcat-handler-25] m.e.u.f.ecommerce.service.EmailService   : [OTP] (mail disabled) code for student8@siswa.ukm.edu.my = <redacted>
backend-1  | 2026-10-04T08:55:06.256Z  INFO 1 --- [ftsm-ecommerce] [mcat-handler-27] m.e.u.f.ecommerce.service.EmailService   : [OTP] (mail disabled) code for student9@siswa.ukm.edu.my = <redacted>
backend-1  | 2026-10-04T08:55:06.359Z  INFO 1 --- [ftsm-ecommerce] [mcat-handler-29] m.e.u.f.ecommerce.service.EmailService   : [OTP] (mail disabled) code for student10@siswa.ukm.edu.my = <redacted>
backend-1  | 2026-10-04T08:55:06.482Z  INFO 1 --- [ftsm-ecommerce] [mcat-handler-31] m.e.u.f.ecommerce.service.EmailService   : [OTP] (mail disabled) code for student11@siswa.ukm.edu.my = <redacted>
backend-1  | 2026-10-04T08:55:06.586Z  INFO 1 --- [ftsm-ecommerce] [mcat-handler-33] m.e.u.f.ecommerce.service.EmailService   : [OTP] (mail disabled) code for student12@siswa.ukm.edu.my = <redacted>
backend-1  | 2026-10-04T08:55:06.694Z  INFO 1 --- [ftsm-ecommerce] [mcat-handler-35] m.e.u.f.ecommerce.service.EmailService   : [OTP] (mail disabled) code for student13@siswa.ukm.edu.my = <redacted>
backend-1  | 2026-10-04T08:55:06.787Z  INFO 1 --- [ftsm-ecommerce] [mcat-handler-37] m.e.u.f.ecommerce.service.EmailService   : [OTP] (mail disabled) code for student14@siswa.ukm.edu.my = <redacted>
backend-1  | 2026-10-04T08:55:06.886Z  INFO 1 --- [ftsm-ecommerce] [mcat-handler-39] m.e.u.f.ecommerce.service.EmailService   : [OTP] (mail disabled) code for student15@siswa.ukm.edu.my = <redacted>
backend-1  | 2026-10-04T08:55:06.984Z  INFO 1 --- [ftsm-ecommerce] [mcat-handler-41] m.e.u.f.ecommerce.service.EmailService   : [OTP] (mail disabled) code for student16@siswa.ukm.edu.my = <redacted>
backend-1  | 2026-10-04T08:55:07.075Z  INFO 1 --- [ftsm-ecommerce] [mcat-handler-43] m.e.u.f.ecommerce.service.EmailService   : [OTP] (mail disabled) code for student17@siswa.ukm.edu.my = <redacted>
backend-1  | 2026-10-04T08:55:07.174Z  INFO 1 --- [ftsm-ecommerce] [mcat-handler-45] m.e.u.f.ecommerce.service.EmailService   : [OTP] (mail disabled) code for student18@siswa.ukm.edu.my = <redacted>
backend-1  | 2026-10-04T08:55:07.342Z  INFO 1 --- [ftsm-ecommerce] [mcat-handler-47] m.e.u.f.ecommerce.service.EmailService   : [OTP] (mail disabled) code for student19@siswa.ukm.edu.my = <redacted>
backend-1  | 2026-10-04T08:55:07.449Z  INFO 1 --- [ftsm-ecommerce] [mcat-handler-49] m.e.u.f.ecommerce.service.EmailService   : [OTP] (mail disabled) code for student20@siswa.ukm.edu.my = <redacted>
backend-1  | 2026-10-04T08:55:07.547Z  INFO 1 --- [ftsm-ecommerce] [mcat-handler-51] m.e.u.f.ecommerce.service.EmailService   : [OTP] (mail disabled) code for student21@siswa.ukm.edu.my = <redacted>
backend-1  | 2026-10-04T08:55:07.640Z  INFO 1 --- [ftsm-ecommerce] [mcat-handler-53] m.e.u.f.ecommerce.service.EmailService   : [OTP] (mail disabled) code for student22@siswa.ukm.edu.my = <redacted>
backend-1  | 2026-10-04T08:55:07.735Z  INFO 1 --- [ftsm-ecommerce] [mcat-handler-55] m.e.u.f.ecommerce.service.EmailService   : [OTP] (mail disabled) code for student23@siswa.ukm.edu.my = <redacted>
backend-1  | 2026-10-04T08:55:07.830Z  INFO 1 --- [ftsm-ecommerce] [mcat-handler-57] m.e.u.f.ecommerce.service.EmailService   : [OTP] (mail disabled) code for student24@siswa.ukm.edu.my = <redacted>
backend-1  | 2026-10-04T08:55:08.492Z  INFO 1 --- [ftsm-ecommerce] [mcat-handler-59] m.e.u.f.ecommerce.service.EmailService   : [OTP] (mail disabled) code for student25@siswa.ukm.edu.my = <redacted>
backend-1  | 2026-10-04T08:55:08.757Z  INFO 1 --- [ftsm-ecommerce] [mcat-handler-61] m.e.u.f.ecommerce.service.EmailService   : [OTP] (mail disabled) code for student26@siswa.ukm.edu.my = <redacted>
backend-1  | 2026-10-04T08:55:08.864Z  INFO 1 --- [ftsm-ecommerce] [mcat-handler-63] m.e.u.f.ecommerce.service.EmailService   : [OTP] (mail disabled) code for student27@siswa.ukm.edu.my = <redacted>
backend-1  | 2026-10-04T08:55:08.961Z  INFO 1 --- [ftsm-ecommerce] [mcat-handler-65] m.e.u.f.ecommerce.service.EmailService   : [OTP] (mail disabled) code for student28@siswa.ukm.edu.my = <redacted>
backend-1  | 2026-10-04T08:55:09.393Z  INFO 1 --- [ftsm-ecommerce] [mcat-handler-67] m.e.u.f.ecommerce.service.EmailService   : [OTP] (mail disabled) code for student29@siswa.ukm.edu.my = <redacted>
backend-1  | 2026-10-04T08:55:12.747Z  INFO 1 --- [ftsm-ecommerce] [   scheduling-1] m.e.u.f.e.service.SeckillService         : [SecKill] warmed stock for event 1 = 10
backend-1  | 2026-10-04T08:55:13.869Z  INFO 1 --- [ftsm-ecommerce] [   scheduling-1] m.e.u.f.e.c.SeckillStreamConsumer        : [SecKill] persisted order 1 (token=46417faf-e008-452a-91d0-a860ea23cd5b) status=PAID
backend-1  | 2026-10-04T08:55:13.880Z  INFO 1 --- [ftsm-ecommerce] [   scheduling-1] m.e.u.f.e.c.SeckillStreamConsumer        : [SecKill] persisted order 2 (token=41133e73-82ce-4209-af09-d1426c06c030) status=PAID
backend-1  | 2026-10-04T08:55:13.889Z  INFO 1 --- [ftsm-ecommerce] [   scheduling-1] m.e.u.f.e.c.SeckillStreamConsumer        : [SecKill] persisted order 3 (token=59739521-5ec3-478c-aacd-e44cec295b50) status=PAID
backend-1  | 2026-10-04T08:55:13.904Z  INFO 1 --- [ftsm-ecommerce] [   scheduling-1] m.e.u.f.e.c.SeckillStreamConsumer        : [SecKill] persisted order 4 (token=20c71dc2-f556-4d37-8bcd-41f596a4c85e) status=PAID
backend-1  | 2026-10-04T08:55:13.913Z  INFO 1 --- [ftsm-ecommerce] [   scheduling-1] m.e.u.f.e.c.SeckillStreamConsumer        : [SecKill] persisted order 5 (token=608cc548-859d-4708-bead-a3a98d0ae22c) status=PAID
backend-1  | 2026-10-04T08:55:13.921Z  INFO 1 --- [ftsm-ecommerce] [   scheduling-1] m.e.u.f.e.c.SeckillStreamConsumer        : [SecKill] persisted order 6 (token=3c725112-3bec-4c0c-a8e8-56b93e1fffbc) status=PAID
backend-1  | 2026-10-04T08:55:13.927Z  INFO 1 --- [ftsm-ecommerce] [   scheduling-1] m.e.u.f.e.c.SeckillStreamConsumer        : [SecKill] persisted order 7 (token=fdcaf55c-5e58-47ed-b74d-4291728cdf7a) status=PAID
backend-1  | 2026-10-04T08:55:13.935Z  INFO 1 --- [ftsm-ecommerce] [   scheduling-1] m.e.u.f.e.c.SeckillStreamConsumer        : [SecKill] persisted order 8 (token=2a7c6f97-a170-45c1-83b3-a743eacf6976) status=PAID
backend-1  | 2026-10-04T08:55:13.941Z  INFO 1 --- [ftsm-ecommerce] [   scheduling-1] m.e.u.f.e.c.SeckillStreamConsumer        : [SecKill] persisted order 9 (token=69e93aca-e06c-41ea-b681-b81efbe5c08d) status=PAID
backend-1  | 2026-10-04T08:55:13.949Z  INFO 1 --- [ftsm-ecommerce] [   scheduling-1] m.e.u.f.e.c.SeckillStreamConsumer        : [SecKill] persisted order 10 (token=40ec6071-6c6a-44c8-8645-ce89acc8d7ec) status=PAID

