 Container ftsm-p1-acc-backend-1 Stopping 
 Container ftsm-p1-acc-backend-1 Stopped 
 Container ftsm-p1-acc-backend-1 Removing 
 Container ftsm-p1-acc-backend-1 Removed 
 Container ftsm-p1-acc-redis-1 Stopping 
 Container ftsm-p1-acc-mysql-1 Stopping 
 Container ftsm-p1-acc-redis-1 Stopped 
 Container ftsm-p1-acc-redis-1 Removing 
 Container ftsm-p1-acc-redis-1 Removed 
 Container ftsm-p1-acc-mysql-1 Stopped 
 Container ftsm-p1-acc-mysql-1 Removing 
 Container ftsm-p1-acc-mysql-1 Removed 
 Volume ftsm-p1-acc_mysql_data Removing 
 Volume ftsm-p1-acc_redis_data Removing 
 Volume ftsm-p1-acc_uploads_data Removing 
 Network ftsm-p1-acc_default Removing 
 Volume ftsm-p1-acc_mysql_data Removed 
 Volume ftsm-p1-acc_uploads_data Removed 
 Volume ftsm-p1-acc_redis_data Removed 
 Network ftsm-p1-acc_default Removed 
down rc=0
