 Image ftsm-p1-acc-backend Building 
#1 [internal] load local bake definitions
#1 reading from stdin 532B done
#1 DONE 0.0s

#2 [internal] load build definition from Dockerfile
#2 transferring dockerfile: 444B done
#2 DONE 0.0s

#3 [internal] load metadata for docker.io/library/eclipse-temurin:21.0.12.1_1-jre-noble
#3 ...

#4 [auth] library/maven:pull token for registry-1.docker.io
#4 DONE 0.0s

#5 [auth] library/eclipse-temurin:pull token for registry-1.docker.io
#5 DONE 0.0s

#6 [internal] load metadata for docker.io/library/maven:3.9.11-eclipse-temurin-21-noble
#6 ...

#3 [internal] load metadata for docker.io/library/eclipse-temurin:21.0.12.1_1-jre-noble
#3 DONE 2.8s

#6 [internal] load metadata for docker.io/library/maven:3.9.11-eclipse-temurin-21-noble
#6 DONE 2.8s

#7 [internal] load .dockerignore
#7 transferring context: 2B done
#7 DONE 0.0s

#8 [internal] load build context
#8 transferring context: 119.45kB 0.0s done
#8 DONE 0.0s

#9 [build 1/6] FROM docker.io/library/maven:3.9.11-eclipse-temurin-21-noble@sha256:6fdc855a6ed81d288ca7ca37ac6ff5e9308b612485c0801d70b25a858c83d237
#9 resolve docker.io/library/maven:3.9.11-eclipse-temurin-21-noble@sha256:6fdc855a6ed81d288ca7ca37ac6ff5e9308b612485c0801d70b25a858c83d237 0.0s done
#9 DONE 0.1s

#10 [stage-1 1/3] FROM docker.io/library/eclipse-temurin:21.0.12.1_1-jre-noble@sha256:22138efd69393501fccd8176ae16b01791ed71ff801b28f0359415389b17c766
#10 resolve docker.io/library/eclipse-temurin:21.0.12.1_1-jre-noble@sha256:22138efd69393501fccd8176ae16b01791ed71ff801b28f0359415389b17c766 0.0s done
#10 sha256:5e98619ad31209554cf888d01a927e8eacc51b5b26cd74f6c150c0daafc6690d 0B / 160B 0.2s
#10 sha256:baae1338e74a2d60cbc4c8b6599e3cb5e1480d72d2fd8e6bb14911288c467627 0B / 2.46kB 0.3s
#10 sha256:f6a82f4237959aa9d80d4135827058db2b23e5fcaeeeec0570b524044aa9ce41 0B / 52.27MB 0.2s
#10 sha256:81e719170bea597650f1176bbe6e7e3de1aa31243ed5e9c508aad9c51f26d81d 0B / 19.24MB 0.2s
#10 sha256:baae1338e74a2d60cbc4c8b6599e3cb5e1480d72d2fd8e6bb14911288c467627 2.46kB / 2.46kB 0.6s done
#10 sha256:5e98619ad31209554cf888d01a927e8eacc51b5b26cd74f6c150c0daafc6690d 160B / 160B 0.6s done
#10 sha256:90812e242c93750dbd37ce847c7d3db62c2c53035367d1d89c61184f168f5d37 0B / 28.94MB 0.2s
#10 sha256:81e719170bea597650f1176bbe6e7e3de1aa31243ed5e9c508aad9c51f26d81d 2.10MB / 19.24MB 1.1s
#10 sha256:f6a82f4237959aa9d80d4135827058db2b23e5fcaeeeec0570b524044aa9ce41 3.15MB / 52.27MB 1.2s
#10 sha256:81e719170bea597650f1176bbe6e7e3de1aa31243ed5e9c508aad9c51f26d81d 5.24MB / 19.24MB 1.2s
#10 sha256:81e719170bea597650f1176bbe6e7e3de1aa31243ed5e9c508aad9c51f26d81d 7.34MB / 19.24MB 1.4s
#10 sha256:90812e242c93750dbd37ce847c7d3db62c2c53035367d1d89c61184f168f5d37 2.10MB / 28.94MB 0.9s
#10 sha256:f6a82f4237959aa9d80d4135827058db2b23e5fcaeeeec0570b524044aa9ce41 6.29MB / 52.27MB 1.5s
#10 sha256:81e719170bea597650f1176bbe6e7e3de1aa31243ed5e9c508aad9c51f26d81d 9.44MB / 19.24MB 1.5s
#10 sha256:81e719170bea597650f1176bbe6e7e3de1aa31243ed5e9c508aad9c51f26d81d 11.53MB / 19.24MB 1.7s
#10 sha256:f6a82f4237959aa9d80d4135827058db2b23e5fcaeeeec0570b524044aa9ce41 10.49MB / 52.27MB 1.8s
#10 sha256:81e719170bea597650f1176bbe6e7e3de1aa31243ed5e9c508aad9c51f26d81d 14.68MB / 19.24MB 1.8s
#10 sha256:90812e242c93750dbd37ce847c7d3db62c2c53035367d1d89c61184f168f5d37 4.19MB / 28.94MB 1.2s
#10 sha256:81e719170bea597650f1176bbe6e7e3de1aa31243ed5e9c508aad9c51f26d81d 19.24MB / 19.24MB 2.0s done
#10 sha256:f6a82f4237959aa9d80d4135827058db2b23e5fcaeeeec0570b524044aa9ce41 14.68MB / 52.27MB 2.1s
#10 sha256:90812e242c93750dbd37ce847c7d3db62c2c53035367d1d89c61184f168f5d37 6.29MB / 28.94MB 1.5s
#10 sha256:f6a82f4237959aa9d80d4135827058db2b23e5fcaeeeec0570b524044aa9ce41 18.87MB / 52.27MB 2.4s
#10 sha256:90812e242c93750dbd37ce847c7d3db62c2c53035367d1d89c61184f168f5d37 8.39MB / 28.94MB 1.8s
#10 sha256:90812e242c93750dbd37ce847c7d3db62c2c53035367d1d89c61184f168f5d37 10.49MB / 28.94MB 2.1s
#10 sha256:f6a82f4237959aa9d80d4135827058db2b23e5fcaeeeec0570b524044aa9ce41 24.12MB / 52.27MB 2.9s
#10 sha256:90812e242c93750dbd37ce847c7d3db62c2c53035367d1d89c61184f168f5d37 12.58MB / 28.94MB 2.3s
#10 sha256:f6a82f4237959aa9d80d4135827058db2b23e5fcaeeeec0570b524044aa9ce41 29.36MB / 52.27MB 3.2s
#10 sha256:90812e242c93750dbd37ce847c7d3db62c2c53035367d1d89c61184f168f5d37 14.68MB / 28.94MB 2.6s
#10 sha256:90812e242c93750dbd37ce847c7d3db62c2c53035367d1d89c61184f168f5d37 16.78MB / 28.94MB 2.7s
#10 sha256:f6a82f4237959aa9d80d4135827058db2b23e5fcaeeeec0570b524044aa9ce41 33.55MB / 52.27MB 3.5s
#10 sha256:f6a82f4237959aa9d80d4135827058db2b23e5fcaeeeec0570b524044aa9ce41 36.70MB / 52.27MB 3.6s
#10 sha256:90812e242c93750dbd37ce847c7d3db62c2c53035367d1d89c61184f168f5d37 18.87MB / 28.94MB 3.0s
#10 sha256:90812e242c93750dbd37ce847c7d3db62c2c53035367d1d89c61184f168f5d37 20.97MB / 28.94MB 3.2s
#10 sha256:f6a82f4237959aa9d80d4135827058db2b23e5fcaeeeec0570b524044aa9ce41 39.85MB / 52.27MB 3.9s
#10 sha256:90812e242c93750dbd37ce847c7d3db62c2c53035367d1d89c61184f168f5d37 23.07MB / 28.94MB 3.5s
#10 sha256:f6a82f4237959aa9d80d4135827058db2b23e5fcaeeeec0570b524044aa9ce41 42.99MB / 52.27MB 4.2s
#10 sha256:90812e242c93750dbd37ce847c7d3db62c2c53035367d1d89c61184f168f5d37 25.17MB / 28.94MB 3.8s
#10 sha256:f6a82f4237959aa9d80d4135827058db2b23e5fcaeeeec0570b524044aa9ce41 47.19MB / 52.27MB 4.7s
#10 sha256:90812e242c93750dbd37ce847c7d3db62c2c53035367d1d89c61184f168f5d37 27.26MB / 28.94MB 4.2s
#10 sha256:f6a82f4237959aa9d80d4135827058db2b23e5fcaeeeec0570b524044aa9ce41 50.33MB / 52.27MB 5.0s
#10 sha256:90812e242c93750dbd37ce847c7d3db62c2c53035367d1d89c61184f168f5d37 28.94MB / 28.94MB 4.3s done
#10 extracting sha256:90812e242c93750dbd37ce847c7d3db62c2c53035367d1d89c61184f168f5d37
#10 sha256:f6a82f4237959aa9d80d4135827058db2b23e5fcaeeeec0570b524044aa9ce41 52.27MB / 52.27MB 5.2s done
#10 extracting sha256:90812e242c93750dbd37ce847c7d3db62c2c53035367d1d89c61184f168f5d37 0.5s done
#10 DONE 5.6s

#9 [build 1/6] FROM docker.io/library/maven:3.9.11-eclipse-temurin-21-noble@sha256:6fdc855a6ed81d288ca7ca37ac6ff5e9308b612485c0801d70b25a858c83d237
#9 sha256:43e2d20038219f3215731765852b297a53ebad131a44953cfb984e1733935529 155B / 155B 0.3s done
#9 sha256:4f4fb700ef54461cfa02571ae0db9a0dc1e0cdb5577484a6d75e68dc38e8acc1 32B / 32B 0.3s done
#9 sha256:84e8bca84d896d641c6c953b0ce983ac54360c01a16e65054c939fc18922c363 852B / 852B 0.4s done
#9 sha256:5e4844f10762b4c27fdc38ae3f3da4fbacc302b867975e9d6f474e9f61065d93 9.24MB / 9.24MB 1.1s done
#9 sha256:cccf6471893cfdc9e7655769ed528215989664078885ffcfd3b0f5c1221d0fa5 22.61MB / 22.61MB 2.8s done
#9 sha256:9310306f40f46f8e7d69cbf8496ce51a88bf91b6466a7cacb111f1a3e41d5858 2.28kB / 2.28kB 0.3s done
#9 sha256:722ae2f02917e5601d8fb37d2dc715f4006bd395c47b419585f1486c84eefd1a 160B / 160B 0.3s done
#9 sha256:cd68ac43c64d73ebc0c5bc1649cd7b237aab8255db31f986883aee279361900b 19.92MB / 156.11MB 2.0s
#9 sha256:69250bcc624b653e4b9839aef6c22b7dd0c7197455a39bbb6f0c25b624cddd4c 3.15MB / 24.17MB 0.6s
#9 sha256:97dd3f0ce510a30a2868ff104e9ff286ffc0ef01284aebe383ea81e85e26a415 0B / 28.86MB 0.5s
#9 sha256:69250bcc624b653e4b9839aef6c22b7dd0c7197455a39bbb6f0c25b624cddd4c 5.24MB / 24.17MB 0.8s
#9 ...

#10 [stage-1 1/3] FROM docker.io/library/eclipse-temurin:21.0.12.1_1-jre-noble@sha256:22138efd69393501fccd8176ae16b01791ed71ff801b28f0359415389b17c766
#10 extracting sha256:81e719170bea597650f1176bbe6e7e3de1aa31243ed5e9c508aad9c51f26d81d 0.3s done
#10 DONE 5.8s

#9 [build 1/6] FROM docker.io/library/maven:3.9.11-eclipse-temurin-21-noble@sha256:6fdc855a6ed81d288ca7ca37ac6ff5e9308b612485c0801d70b25a858c83d237
#9 sha256:69250bcc624b653e4b9839aef6c22b7dd0c7197455a39bbb6f0c25b624cddd4c 7.34MB / 24.17MB 0.9s
#9 sha256:69250bcc624b653e4b9839aef6c22b7dd0c7197455a39bbb6f0c25b624cddd4c 9.44MB / 24.17MB 1.1s
#9 sha256:cd68ac43c64d73ebc0c5bc1649cd7b237aab8255db31f986883aee279361900b 28.31MB / 156.11MB 2.6s
#9 sha256:97dd3f0ce510a30a2868ff104e9ff286ffc0ef01284aebe383ea81e85e26a415 2.10MB / 28.86MB 1.2s
#9 sha256:69250bcc624b653e4b9839aef6c22b7dd0c7197455a39bbb6f0c25b624cddd4c 12.58MB / 24.17MB 1.4s
#9 ...

#10 [stage-1 1/3] FROM docker.io/library/eclipse-temurin:21.0.12.1_1-jre-noble@sha256:22138efd69393501fccd8176ae16b01791ed71ff801b28f0359415389b17c766
#10 extracting sha256:f6a82f4237959aa9d80d4135827058db2b23e5fcaeeeec0570b524044aa9ce41 0.7s done
#10 extracting sha256:5e98619ad31209554cf888d01a927e8eacc51b5b26cd74f6c150c0daafc6690d done
#10 extracting sha256:baae1338e74a2d60cbc4c8b6599e3cb5e1480d72d2fd8e6bb14911288c467627 done
#10 DONE 6.5s

#9 [build 1/6] FROM docker.io/library/maven:3.9.11-eclipse-temurin-21-noble@sha256:6fdc855a6ed81d288ca7ca37ac6ff5e9308b612485c0801d70b25a858c83d237
#9 sha256:cd68ac43c64d73ebc0c5bc1649cd7b237aab8255db31f986883aee279361900b 38.80MB / 156.11MB 3.2s
#9 sha256:69250bcc624b653e4b9839aef6c22b7dd0c7197455a39bbb6f0c25b624cddd4c 15.73MB / 24.17MB 1.7s
#9 sha256:97dd3f0ce510a30a2868ff104e9ff286ffc0ef01284aebe383ea81e85e26a415 4.19MB / 28.86MB 1.8s
#9 sha256:69250bcc624b653e4b9839aef6c22b7dd0c7197455a39bbb6f0c25b624cddd4c 18.87MB / 24.17MB 2.0s
#9 sha256:69250bcc624b653e4b9839aef6c22b7dd0c7197455a39bbb6f0c25b624cddd4c 20.97MB / 24.17MB 2.1s
#9 sha256:97dd3f0ce510a30a2868ff104e9ff286ffc0ef01284aebe383ea81e85e26a415 6.29MB / 28.86MB 2.1s
#9 ...

#11 [stage-1 2/3] WORKDIR /app
#11 DONE 0.6s

#9 [build 1/6] FROM docker.io/library/maven:3.9.11-eclipse-temurin-21-noble@sha256:6fdc855a6ed81d288ca7ca37ac6ff5e9308b612485c0801d70b25a858c83d237
#9 sha256:cd68ac43c64d73ebc0c5bc1649cd7b237aab8255db31f986883aee279361900b 49.28MB / 156.11MB 3.8s
#9 sha256:69250bcc624b653e4b9839aef6c22b7dd0c7197455a39bbb6f0c25b624cddd4c 24.17MB / 24.17MB 2.4s done
#9 sha256:97dd3f0ce510a30a2868ff104e9ff286ffc0ef01284aebe383ea81e85e26a415 8.39MB / 28.86MB 2.6s
#9 sha256:cd68ac43c64d73ebc0c5bc1649cd7b237aab8255db31f986883aee279361900b 57.67MB / 156.11MB 4.2s
#9 sha256:97dd3f0ce510a30a2868ff104e9ff286ffc0ef01284aebe383ea81e85e26a415 10.49MB / 28.86MB 2.9s
#9 sha256:cd68ac43c64d73ebc0c5bc1649cd7b237aab8255db31f986883aee279361900b 67.11MB / 156.11MB 4.7s
#9 sha256:97dd3f0ce510a30a2868ff104e9ff286ffc0ef01284aebe383ea81e85e26a415 12.58MB / 28.86MB 3.3s
#9 sha256:cd68ac43c64d73ebc0c5bc1649cd7b237aab8255db31f986883aee279361900b 75.50MB / 156.11MB 5.0s
#9 sha256:97dd3f0ce510a30a2868ff104e9ff286ffc0ef01284aebe383ea81e85e26a415 15.73MB / 28.86MB 3.6s
#9 sha256:cd68ac43c64d73ebc0c5bc1649cd7b237aab8255db31f986883aee279361900b 83.89MB / 156.11MB 5.3s
#9 sha256:97dd3f0ce510a30a2868ff104e9ff286ffc0ef01284aebe383ea81e85e26a415 17.83MB / 28.86MB 3.9s
#9 sha256:cd68ac43c64d73ebc0c5bc1649cd7b237aab8255db31f986883aee279361900b 92.27MB / 156.11MB 5.6s
#9 sha256:97dd3f0ce510a30a2868ff104e9ff286ffc0ef01284aebe383ea81e85e26a415 19.92MB / 28.86MB 4.2s
#9 sha256:cd68ac43c64d73ebc0c5bc1649cd7b237aab8255db31f986883aee279361900b 102.76MB / 156.11MB 6.0s
#9 sha256:97dd3f0ce510a30a2868ff104e9ff286ffc0ef01284aebe383ea81e85e26a415 22.02MB / 28.86MB 4.5s
#9 sha256:97dd3f0ce510a30a2868ff104e9ff286ffc0ef01284aebe383ea81e85e26a415 25.17MB / 28.86MB 4.8s
#9 sha256:cd68ac43c64d73ebc0c5bc1649cd7b237aab8255db31f986883aee279361900b 114.29MB / 156.11MB 6.5s
#9 sha256:97dd3f0ce510a30a2868ff104e9ff286ffc0ef01284aebe383ea81e85e26a415 27.26MB / 28.86MB 5.1s
#9 sha256:cd68ac43c64d73ebc0c5bc1649cd7b237aab8255db31f986883aee279361900b 125.83MB / 156.11MB 6.9s
#9 sha256:97dd3f0ce510a30a2868ff104e9ff286ffc0ef01284aebe383ea81e85e26a415 28.86MB / 28.86MB 5.3s done
#9 extracting sha256:97dd3f0ce510a30a2868ff104e9ff286ffc0ef01284aebe383ea81e85e26a415
#9 sha256:cd68ac43c64d73ebc0c5bc1649cd7b237aab8255db31f986883aee279361900b 135.27MB / 156.11MB 7.2s
#9 sha256:cd68ac43c64d73ebc0c5bc1649cd7b237aab8255db31f986883aee279361900b 145.75MB / 156.11MB 7.5s
#9 extracting sha256:97dd3f0ce510a30a2868ff104e9ff286ffc0ef01284aebe383ea81e85e26a415 0.6s done
#9 extracting sha256:69250bcc624b653e4b9839aef6c22b7dd0c7197455a39bbb6f0c25b624cddd4c
#9 sha256:cd68ac43c64d73ebc0c5bc1649cd7b237aab8255db31f986883aee279361900b 154.14MB / 156.11MB 7.8s
#9 extracting sha256:69250bcc624b653e4b9839aef6c22b7dd0c7197455a39bbb6f0c25b624cddd4c 0.5s done
#9 sha256:cd68ac43c64d73ebc0c5bc1649cd7b237aab8255db31f986883aee279361900b 156.11MB / 156.11MB 8.0s done
#9 extracting sha256:cd68ac43c64d73ebc0c5bc1649cd7b237aab8255db31f986883aee279361900b
#9 extracting sha256:cd68ac43c64d73ebc0c5bc1649cd7b237aab8255db31f986883aee279361900b 1.1s done
#9 DONE 12.6s

#9 [build 1/6] FROM docker.io/library/maven:3.9.11-eclipse-temurin-21-noble@sha256:6fdc855a6ed81d288ca7ca37ac6ff5e9308b612485c0801d70b25a858c83d237
#9 extracting sha256:722ae2f02917e5601d8fb37d2dc715f4006bd395c47b419585f1486c84eefd1a done
#9 extracting sha256:9310306f40f46f8e7d69cbf8496ce51a88bf91b6466a7cacb111f1a3e41d5858 done
#9 extracting sha256:cccf6471893cfdc9e7655769ed528215989664078885ffcfd3b0f5c1221d0fa5
#9 extracting sha256:cccf6471893cfdc9e7655769ed528215989664078885ffcfd3b0f5c1221d0fa5 0.4s done
#9 DONE 12.9s

#9 [build 1/6] FROM docker.io/library/maven:3.9.11-eclipse-temurin-21-noble@sha256:6fdc855a6ed81d288ca7ca37ac6ff5e9308b612485c0801d70b25a858c83d237
#9 extracting sha256:5e4844f10762b4c27fdc38ae3f3da4fbacc302b867975e9d6f474e9f61065d93 0.1s done
#9 extracting sha256:84e8bca84d896d641c6c953b0ce983ac54360c01a16e65054c939fc18922c363 done
#9 extracting sha256:4f4fb700ef54461cfa02571ae0db9a0dc1e0cdb5577484a6d75e68dc38e8acc1 done
#9 extracting sha256:43e2d20038219f3215731765852b297a53ebad131a44953cfb984e1733935529 done
#9 DONE 13.0s

#12 [build 2/6] WORKDIR /app
#12 DONE 0.9s

#13 [build 3/6] COPY pom.xml .
#13 DONE 0.0s

#14 [build 4/6] RUN mvn -B -q -e dependency:go-offline
#14 DONE 242.7s

#15 [build 5/6] COPY src ./src
#15 DONE 0.1s

#16 [build 6/6] RUN mvn -B -q -DskipTests package
#16 DONE 5.8s

#17 [stage-1 3/3] COPY --from=build /app/target/ecommerce-0.0.1-SNAPSHOT.jar app.jar
#17 DONE 0.1s

#18 exporting to image
#18 exporting layers
#18 exporting layers 1.6s done
#18 exporting manifest sha256:ba86110390ac190adef5764f65e36fff3f66e0eb8655518a522de21628a6331a done
#18 exporting config sha256:bd2adf728bae6943fd6b21196739a6c5329e7c1b33c4594829f952d60dded5cc done
#18 exporting attestation manifest sha256:abefd57f1feceb66322b54c93eeb03b1c2f25f24a2310581a56e2c35ddd294e2 done
#18 exporting manifest list sha256:9f1cace3a0773b8d88184a72ca44d193229991071ea5e32f5833cc6d63dc76f7 done
#18 naming to docker.io/library/ftsm-p1-acc-backend:latest done
#18 unpacking to docker.io/library/ftsm-p1-acc-backend:latest
#18 unpacking to docker.io/library/ftsm-p1-acc-backend:latest 0.3s done
#18 DONE 2.0s

#19 resolving provenance for metadata file
#19 DONE 0.0s
 Image ftsm-p1-acc-backend Built 
build rc=0
